// Vitest Snapshot v1, https://vitest.dev/guide/snapshot.html

exports[`T2.4 + T2.7 — regression-guard snapshot of camera coords > coordinates are stable (snapshot guard against accidental edits) 1`] = `
{
  "chapters": {
    "1": {
      "bearing": 0,
      "flyToOptions": {
        "curve": 1.42,
        "easing": [
          0.32,
          0.72,
          0,
          1,
        ],
        "speed": 1.4,
      },
      "latitude": 39,
      "longitude": -98,
      "pitch": 0,
      "zoom": 3,
    },
    "10": {
      "bearing": 0,
      "flyToOptions": {
        "curve": 1.2,
        "easing": [
          0.32,
          0.72,
          0,
          1,
        ],
        "speed": 0.85,
      },
      "latitude": 32.7555,
      "longitude": -97.3308,
      "pitch": 0,
      "zoom": 11,
    },
    "2": {
      "bearing": 0,
      "flyToOptions": {
        "curve": 1.2,
        "easing": [
          0.32,
          0.72,
          0,
          1,
        ],
        "speed": 1,
      },
      "latitude": 32.7555,
      "longitude": -97.3308,
      "pitch": 60,
      "zoom": 11,
    },
    "3": {
      "bearing": 25,
      "flyToOptions": {
        "curve": 1.2,
        "easing": [
          0.32,
          0.72,
          0,
          1,
        ],
        "speed": 0.9,
      },
      "latitude": 32.71,
      "longitude": -97.27,
      "pitch": 60,
      "zoom": 14,
    },
    "4": {
      "bearing": 0,
      "flyToOptions": {
        "curve": 1.2,
        "easing": [
          0.32,
          0.72,
          0,
          1,
        ],
        "speed": 1,
      },
      "latitude": 32.7555,
      "longitude": -97.3308,
      "pitch": 50,
      "zoom": 13,
    },
    "5": {
      "bearing": 0,
      "flyToOptions": {
        "curve": 1.2,
        "easing": [
          0.32,
          0.72,
          0,
          1,
        ],
        "speed": 1,
      },
      "latitude": 32.7555,
      "longitude": -97.3308,
      "pitch": 30,
      "zoom": 11,
    },
  },
  "initial": {
    "bearing": 0,
    "flyToOptions": {
      "curve": 1.2,
      "easing": [
        0.32,
        0.72,
        0,
        1,
      ],
      "speed": 1,
    },
    "latitude": 32.7555,
    "longitude": -97.3308,
    "pitch": 0,
    "zoom": 11,
  },
}
`;
